00       0x10 C:\W32.dll
00       0x10 C:\WAP32.dll
00       0x10 c:\wLPAPI.DLL
00       0x10 c:\wpcsvc6.DLL
00       0x10 c:\wur32.dll
00       0x10 C:\WWAPI.dll
00      0x114 c:\wur32.dll
00       0x11 C:\W_32.dll
00       0x11 C:\W32.dll
00       0x11 C:\Whttp.dll
00       0x11 c:\wpcsvc.DLL
00       0x11 c:\wRENV.dll
00       0x11 C:\Wtutil.dll
00       0x11 C:\WWAPI.dll
00       0x12 C:\W32.dll
00       0x12 C:\WAP32.dll
00       0x12 C:\WAPI32.dll
00       0x12 C:\WC32.dll
00       0x12 C:\WDLG32.dll
00       0x12 C:\Wmcomn.dll
00       0x12 c:\wNSI.DLL
00       0x12 c:\wpcsvc6.DLL
00       0x12 C:\WUPAPI.dll
00       0x12 C:\x
00       0x13 C:\WAPI32.dll
00       0x13 C:\WAUT32.dll
00       0x13 c:\w.DLL
00       0x13 c:\wpcsvc.DLL
00       0x13 C:\WRENV.dll
00      0x13f C:\WR32.dll
00       0x14 C:\WAPI.dll
00       0x14 C:\WAUT32.dll
00       0x14 C:\WRENV.dll
00       0x14 c:\wur32.dll
00       0x14 C:\WWAPI.dll
00       0x15 C:\W.dll
00       0x15 C:\WLL32.dll
00       0x15 c:\wur32.dll
00       0x15 C:\WWAPI.dll
00       0x16 C:\WAP32.dll
00       0x16 C:\W.dll
00       0x16 c:\wur32.dll
00       0x17 C:\WAUT32.dll
00       0x17 C:\WPSYS.dll
00       0x17 C:\Wur32.dll
00       0x18 C:\WPI.DLL
00       0x19 C:\WPT32.dll
00       0x19 C:\WWAPI.dll
00      0x1a0 C:\W32.dll
00       0x1a C:\W32.dll
00       0x1a C:\WAPI.dll
00       0x1a c:\wLPAPI.DLL
00       0x1a C:\WPT32.dll
00       0x1b C:\W32.dll
00       0x1b C:\WAUT32.dll
00       0x1b C:\WSN1.dll
00       0x1b C:\WYPT.dll
00       0x1c C:\W32.dll
00       0x1c C:\WAPI.dll
00       0x1c C:\WNEL32.dll
00       0x1c C:\WPI.DLL
00        0x1 C:\W0wndh.dll
00        0x1 C:\W10.dll
00        0x1 C:\W_32.dll
00        0x1 C:\W32.dll
00        0x1 C:\Wadhlp.dll
00        0x1 C:\Wanman.dll
00        0x1 C:\Wannel.dll
00        0x1 C:\WAP32.dll
00        0x1 c:\wAPI32.dll
00        0x1 c:\wapi.dll
00        0x1 C:\WARTA.DLL
00        0x1 c:\watcha.dll
00        0x1 C:\Waud.drv
00        0x1 C:\Waudit.dll
00        0x1 C:\WAUT32.dll
00        0x1 C:\Wberos.dll
00        0x1 C:\Wbject.dll
00        0x1 c:\wBRAND.dll
00        0x1 C:\WCatQ.DLL
00        0x1 C:\Wcfgx.dll
00        0x1 C:\Wcheck.dll
00        0x1 C:\Wcint.dll
00        0x1 C:\WCK32.dll
00        0x1 C:\Wcli.dll
00        0x1 C:\Wcrt.dll
00        0x1 C:\WData0009.dll
00        0x1 C:\WDisc.dll
00        0x1 C:\WDLG.dll
00        0x1 c:\wdll
00        0x1 c:\w.dll
00        0x1 C:\Wdll
00        0x1 C:\W.dll
00        0x1 C:\WDLL.dll
00        0x1 C:\WdowsCodecs.dll
00        0x1 C:\Wdsp.tsp
00        0x1 C:\Wdssp.dll
00        0x1 c:\wdui.dll
00        0x1 c:\wecsvc.dll
00        0x1 C:\Wedate.cpl
00        0x1 c:\wedsvc.dll
00        0x1 c:\wemoteSvr.DLL
00        0x1 C:\Wenh.dll
00        0x1 C:\Went.dll
00        0x1 C:\WewallAPI.dll
00        0x1 c:\wext.dll
00        0x1 c:\wfsvc.dll
00        0x1 C:\WgAPI.dll
00        0x1 C:\Wgehlp.dll
00        0x1 C:\Wgest.dll
00        0x1 C:\Whannel.dll
00        0x1 C:\Wh.dll
00        0x1 C:\WHED20.DLL
00        0x1 C:\Whelp.dll
00        0x1 C:\Wheme.dll
00        0x1 c:\whost.dll
00        0x1 C:\Whrui.dll
00        0x1 C:\Whsq.dll
00        0x1 C:\WHTTP.dll
00        0x1 C:\Whui.dll
00        0x1 c:\wHZ.dll
00        0x1 C:\WI32.dll
00        0x1 C:\Wicrosoft.windows.common-controls_6595b64144ccf1df_6.0.6001.18000_none_5cdbaa5a083979cc\comctl32.dll
00        0x1 C:\Wicrosoft-windows-servicingstack_31bf3856ad364e35_6.0.6001.18000_none_095f6148c74a7a64\cbscore.dll
00        0x1 C:\Wicrosoft-windows-servicingstack_31bf3856ad364e35_6.0.6001.18000_none_095f6148c74a7a64\DrUpdate.dll
00        0x1 C:\Wicrosoft-windows-servicingstack_31bf3856ad364e35_6.0.6001.18000_none_095f6148c74a7a64\wrpint.dll
00        0x1 c:\wi.dll
00        0x1 C:\Wil.dll
00        0x1 C:\Winet.dll
00        0x1 c:\winotify.dll
00        0x1 C:\Winsp.dll
00        0x1 C:\Wip6.dll
00        0x1 c:\wisrv.dll
00        0x1 c:\wIVEDS.dll
00        0x1 C:\Wkcomp.dll
00        0x1 C:\Wkg.dll
00        0x1 C:\Wkschd.dll
00        0x1 c:\wldpc.dll
00        0x1 C:\WLexicons0009.dll
00        0x1 C:\WLIB.dll
00        0x1 c:\wLite.dll
00        0x1 C:\WLL32.dll
00        0x1 c:\wlogon.dll
00        0x1 C:\WlorerFrame.dll
00        0x1 C:\Wlpapi.dll
00        0x1 c:\wlpsvc.dll
00        0x1 C:\Wmaliz.dll
00        0x1 c:\wman.dll
00        0x1 C:\Wmbcache.dll
00        0x1 C:\Wmcomn.dll
00        0x1 C:\Wmdm.tsp
00        0x1 C:\WMeter.dll
00        0x1 C:\Wm\fastprox.dll
00        0x1 C:\WMG32.dll
00        0x1 c:\wMGR32.dll
00        0x1 C:\Wmib.dll
00        0x1 C:\Wml3.dll
00        0x1 C:\Wml6.dll
00        0x1 C:\Wm\ncprov.dll
00        0x1 C:\Wmon.dll
00        0x1 C:\Wm\repdrvfs.dll
00        0x1 c:\wms.dll
00        0x1 c:\wmsrv.dll
00        0x1 C:\Wm\wbemcons.dll
00        0x1 C:\Wm\wbemcore.dll
00        0x1 C:\Wm\wbemess.dll
00        0x1 C:\Wm\wbemprox.dll
00        0x1 C:\Wm\wbemsvc.dll
00        0x1 C:\Wm\wmiprvsd.dll
00        0x1 c:\wm\wmisvc.dll
00        0x1 C:\Wm\wmiutils.dll
00        0x1 C:\WnCodecService.dll
00        0x1 C:\WNet.dll
00        0x1 C:\Wng.dll
00        0x1 c:\wnpmgr.dll
00        0x1 C:\Wntcom.dll
00        0x1 c:\wNT.dll
00        0x1 C:\Wnutil.dll
00        0x1 C:\Wobj.dll
00        0x1 C:\WOCI.Dll
00        0x1 c:\wOLDER.dll
00        0x1 C:\WORE.DLL
00        0x1 C:\Wpapi.dll
00        0x1 C:\Wpcsvc6.DLL
00        0x1 C:\Wpcsvc.DLL
00        0x1 C:\Wphone.tsp
00        0x1 C:\Wpi2.dll
00        0x1 C:\WPI.dll
00        0x1 C:\Wpigp.dll
00        0x1 C:\Wplat.dll
00        0x1 C:\Wprops.cpl
00        0x1 C:\Wproxy.dll
00        0x1 c:\wpsvc.dll
00        0x1 C:\WPSYS.dll
00        0x1 c:\wptdll.dll
00        0x1 c:\wptsvc.dll
00        0x1 C:\WRAP.dll
00        0x1 c:\wr.dll
00        0x1 C:\WRENV.dll
00        0x1 C:\WRes.dll
00        0x1 C:\Wrivs.dll
00        0x1 C:\Wrnr.dll
00        0x1 C:\Wrov.dll
00        0x1 C:\Wroxy.dll
00        0x1 C:\WRPROF.dll
00        0x1 c:\wrslvr.dll
00        0x1 C:\Ws2.dll
00        0x1 c:\wSAPI.dll
00        0x1 C:\WSCard.dll
00        0x1 C:\Wser.dll
00        0x1 C:\WSFM.dll
00        0x1 C:\Wshell.dll
00        0x1 C:\Wsigd.dll
00        0x1 c:\wSION.dll
00        0x1 C:\Wsjob.dll
00        0x1 c:\wsperf.dll
00        0x1 c:\wSPOOL.DRV
00        0x1 C:\WSTA.dll
00        0x1 C:\WStore.dll
00        0x1 c:\wsvc.dll
00        0x1 C:\Wtapi.dll
00        0x1 C:\WTB.dll
00        0x1 c:\wtckrm.dll
00        0x1 C:\Wtcpip.dll
00        0x1 C:\WtcVSp1res.dll
00        0x1 C:\WT.dll
00        0x1 C:\Wtenroll.dll
00        0x1 C:\WTF.dll
00        0x1 C:\WtfMonitor.dll
00        0x1 C:\Wtfwd.dll
00        0x1 c:\wtils.dll
00        0x1 C:\Wtoenr.dll
00        0x1 c:\wtrace.dll
00        0x1 c:\wTRUST.dll
00        0x1 C:\Wtsp.tsp
00        0x1 c:\wtsrv\apphostsvc.dll
00        0x1 c:\wtsrv\nativerd.dll
00        0x1 C:\Wtutil.dll
00        0x1 c:\wuclnt.dll
00        0x1 c:\wueng.dll
00        0x1 C:\Wui.dll
00        0x1 C:\Wupapi.dll
00        0x1 c:\wupsvc.dll
00        0x1 C:\Wur32.dll
00        0x1 C:\WuralLanguage6.dll
00        0x1 C:\WUTILS.DLL
00        0x1 c:\wvcs.dll
00        0x1 C:\WVolSSO.dll
00        0x1 c:\ww32.dll
00        0x1 c:\wwks.dll
00        0x1 C:\WworkExplorer.dll
00        0x1 C:\WxMRXNP.dll
00        0x1 C:\Wxprxy.dll
00        0x1 c:\wypt.dll
00        0x1 C:\WySndSrv.dll
00        0x1 C:\x
00        0x1 C:\x2_4.dll
00        0x1 C:\x2.dll
00        0x1 C:\xap.dll
00        0x1 C:\xckets.dll
00        0x1 C:\xenssl.dll
00        0x1 C:\xif.dll
00        0x1 C:\xl.dll
00        0x1 C:\xlite3.dll
00        0x1 C:\xlrpc.dll
00        0x1 C:\x\mod_access_compat.so
00        0x1 C:\x\mod_actions.so
00        0x1 C:\x\mod_alias.so
00        0x1 C:\x\mod_allowmethods.so
00        0x1 C:\x\mod_asis.so
00        0x1 C:\x\mod_auth_basic.so
00        0x1 C:\x\mod_authn_core.so
00        0x1 C:\x\mod_authn_file.so
00        0x1 C:\x\mod_authz_core.so
00        0x1 C:\x\mod_authz_groupfile.so
00        0x1 C:\x\mod_authz_host.so
00        0x1 C:\x\mod_authz_user.so
00        0x1 C:\x\mod_autoindex.so
00        0x1 C:\x\mod_cache_disk.so
00        0x1 C:\x\mod_cache.so
00        0x1 C:\x\mod_cgi.so
00        0x1 C:\x\mod_dav_lock.so
00        0x1 C:\x\mod_dav.so
00        0x1 C:\x\mod_dir.so
00        0x1 C:\x\mod_env.so
00        0x1 C:\x\mod_headers.so
00        0x1 C:\x\mod_include.so
00        0x1 C:\x\mod_info.so
00        0x1 C:\x\mod_isapi.so
00        0x1 C:\x\mod_log_config.so
00        0x1 C:\x\mod_mime.so
00        0x1 C:\x\mod_negotiation.so
00        0x1 C:\x\mod_proxy_ajp.so
00        0x1 C:\x\mod_rewrite.so
00        0x1 C:\x\mod_setenvif.so
00        0x1 C:\x\mod_socache_shmcb.so
00        0x1 C:\x\mod_ssl.so
00        0x1 C:\x\mod_status.so
00        0x1 C:\x\mod_version.so
00        0x1 C:\xo_mysql.dll
00        0x1 C:\xo_sqlite.dll
00        0x1 C:\xrl.dll
00        0x1 C:\xsql.dll
00        0x1 C:\xsqli.dll
00        0x1 c:\xssh2.dll
00        0x1 C:\xstring.dll
00        0x1 C:\xttext.dll
00       0x1d c:\wPT32.dll
00      0x1e6 c:\wAPI.dll
00       0x1e C:\WNEL32.dll
00       0x1e c:\wSN1.dll
00       0x1f C:\W_32.dll
00       0x1f c:\wRENV.dll
00       0x20 C:\W_32.dll
00       0x21 C:\W32.dll
00       0x21 C:\WPT32.dll
00       0x21 C:\Wur32.dll
00      0x228 C:\WR32.dll
00       0x22 C:\WR32.dll
00       0x22 C:\WSN1.dll
00       0x22 c:\wtils.dll
00       0x24 C:\Wicrosoft.windows.common-controls_6595b64144ccf1df_5.82.6001.18000_none_886786f450a74a05\COMCTL32.dll
00       0x24 C:\WRENV.dll
00       0x25 C:\WPI.DLL
00       0x26 C:\W.dll
00       0x27 C:\W32.dll
00       0x28 c:\wAPI.dll
00       0x28 C:\W.dll
00       0x28 c:\wRENV.dll
00       0x29 C:\W32.dll
00       0x29 c:\wAPI32.dll
00       0x29 c:\wapi.dll
00       0x29 c:\wHZ.dll
00       0x29 C:\WNSI.DLL
00       0x29 c:\wNTFY.dll
00       0x29 c:\wpcsvc6.DLL
00       0x29 c:\wpcsvc.DLL
00       0x29 c:\wPI.dll
00       0x29 c:\wRENV.dll
00       0x29 c:\wSTA.dll
00       0x29 c:\wvc.dll
00       0x2a C:\WLIB.dll
00       0x2a c:\wSAPI.dll
00        0x2 C:\W_32.dll
00        0x2 C:\W32.dll
00        0x2 C:\W32spl.dll
00        0x2 c:\wACC.dll
00        0x2 C:\WAP32.dll
00        0x2 c:\wAPI32.dll
00        0x2 c:\wapi.dll
00        0x2 C:\Wardt.dll
00        0x2 C:\Warta.dll
00        0x2 C:\WAUT32.dll
00        0x2 C:\Wberos.dll
00        0x2 C:\WbjAPI.DLL
00        0x2 C:\Wcore.dll
00        0x2 C:\WDisc.dll
00        0x2 c:\w.DLL
00        0x2 C:\Wdssp.dll
00        0x2 c:\wdui.dll
00        0x2 C:\Wer.dll
00        0x2 C:\WevAPI.DLL
00        0x2 c:\wewallAPI.dll
00        0x2 C:\Wgehlp.dll
00        0x2 C:\Whadmin.dll
00        0x2 C:\Wheme.dll
00        0x2 C:\Whrui.dll
00        0x2 C:\WHTTP.dll
00        0x2 C:\WI32.dll
00        0x2 C:\Wicrosoft-windows-servicingstack_31bf3856ad364e35_6.0.6001.18000_none_095f6148c74a7a64\wdscore.dll
00        0x2 C:\Wil.dll
00        0x2 C:\Winet.dll
00        0x2 C:\WIVEDS.dll
00        0x2 C:\Wldpc.dll
00        0x2 C:\WLIB.dll
00        0x2 C:\WLite.dll
00        0x2 C:\WLL32.dll
00        0x2 C:\Wltux.dll
00        0x2 C:\Wman.dll
00        0x2 c:\wmans.dll
00        0x2 C:\Wmcomn.dll
00        0x2 c:\wMM.dll
00        0x2 C:\Wmon.dll
00        0x2 C:\Wmtf.dll
00        0x2 C:\WNG.dll
00        0x2 C:\W_os.DLL
00        0x2 c:\wPAPI.dll
00        0x2 C:\WPI.dll
00        0x2 C:\Wppp.dll
00        0x2 c:\wprofm.dll
00        0x2 C:\WPSYS.dll
00        0x2 c:\wptdll.dll
00        0x2 C:\WQEC.DLL
00        0x2 C:\Wrame.dll
00        0x2 C:\WRAP.dll
00        0x2 C:\WRES.DLL
00        0x2 c:\wrsmgr.dll
00        0x2 C:\Ws31.dll
00        0x2 C:\WsApi.dll
00        0x2 C:\Wsdp.dll
00        0x2 C:\WSION.dll
00        0x2 C:\Wsock.dll
00        0x2 C:\Wsrv.dll
00        0x2 C:\WSTA.dll
00        0x2 C:\Wtapi.dll
00        0x2 C:\Wtcfg.dll
00        0x2 C:\Wtcli.dll
00        0x2 C:\WTF.dll
00        0x2 C:\Wtils.dll
00        0x2 c:\wtime.dll
00        0x2 C:\Wtml.dll
00        0x2 C:\Wtrace.dll
00        0x2 C:\WTRUST.dll
00        0x2 c:\wtsrv\IISRES.DLL
00        0x2 C:\Wtutil.dll
00        0x2 C:\WUPAPI.dll
00        0x2 C:\Wur32.dll
00        0x2 c:\ww32.dll
00        0x2 C:\Wwseui.dll
00        0x2 C:\WxHook.dll
00        0x2 C:\Wypt.dll
00        0x2 C:\x\mod_proxy.so
00      0x2d0 c:\wNSI.DLL
00       0x2d c:\wAPI.dll
00      0x2fa C:\W_32.dll
00       0x30 C:\W_32.dll
00       0x30 C:\WAUT32.dll
00       0x30 C:\Wur32.dll
00       0x31 C:\W.dll
00       0x31 C:\WR32.dll
00       0x31 C:\Wur32.dll
00       0x31 C:\WWAPI.dll
00       0x32 C:\Wicrosoft.windows.common-controls_6595b64144ccf1df_6.0.6001.18000_none_5cdbaa5a083979cc\comctl32.dll
00       0x32 c:\wNSI.DLL
00       0x37 c:\wNSI.DLL
00       0x37 C:\WR32.dll
00       0x38 C:\W32.dll
00       0x3b C:\W32.dll
00        0x3 C:\W_32.dll
00        0x3 C:\W32.DLL
00        0x3 C:\WAP32.dll
00        0x3 c:\wAPI32.dll
00        0x3 c:\wapi.dll
00        0x3 C:\WBRAND.dll
00        0x3 C:\Wchap.dll
00        0x3 C:\WDisc.dll
00        0x3 c:\w.dll
00        0x3 C:\WdowsCodecs.dll
00        0x3 C:\Wesrv.dll
00        0x3 c:\wewallAPI.dll
00        0x3 C:\Wheme.dll
00        0x3 c:\wHTTP.dll
00        0x3 c:\wI32.dll
00        0x3 C:\Wicrosoft.windows.common-controls_6595b64144ccf1df_6.0.6001.18000_none_5cdbaa5a083979cc\comctl32.dll
00        0x3 C:\WINET.dll
00        0x3 c:\wldpc.dll
00        0x3 C:\Wlite.dll
00        0x3 C:\WLL32.dll
00        0x3 C:\Wlogon.dll
00        0x3 c:\wLPAPI.DLL
00        0x3 C:\Wmaliz.dll
00        0x3 c:\wman.dll
00        0x3 C:\WMG32.dll
00        0x3 C:\Wmp32.dll
00        0x3 C:\WNSI.DLL
00        0x3 C:\Wocvw.dll
00        0x3 C:\Wpapi.dll
00        0x3 c:\wpcsvc6.DLL
00        0x3 c:\wpcsvc.DLL
00        0x3 C:\WPI.dll
00        0x3 c:\wPSYS.dll
00        0x3 C:\Wptdll.dll
00        0x3 C:\WPTUI.dll
00        0x3 C:\WSCard.dll
00        0x3 c:\ws.dll
00        0x3 C:\Wshell.dll
00        0x3 C:\Wsock.dll
00        0x3 C:\WSTA.dll
00        0x3 c:\wtapi.dll
00        0x3 C:\WTF.dll
00        0x3 c:\wtils.dll
00        0x3 C:\Wtls.dll
00        0x3 c:\wtsrv\IISUTIL.dll
00        0x3 C:\WUPAPI.dll
00        0x3 C:\WworkItemFactory.dll
00        0x3 C:\Wypt.dll
00       0x40 C:\WAPI32.dll
00       0x40 C:\WPI.DLL
00       0x45 C:\Wicrosoft.windows.common-controls_6595b64144ccf1df_6.0.6001.18000_none_5cdbaa5a083979cc\comctl32.dll
00       0x4c c:\wur32.dll
00        0x4 C:\W_32.dll
00        0x4 C:\W32.DLL
00        0x4 c:\wAPI32.dll
00        0x4 C:\Wapi.dll
00        0x4 C:\WAUT32.dll
00        0x4 C:\W.dll
00        0x4 C:\WevAPI.DLL
00        0x4 c:\wewallAPI.dll
00        0x4 c:\wHZ.dll
00        0x4 C:\Wicrosoft.windows.common-controls_6595b64144ccf1df_5.82.6001.18000_none_886786f450a74a05\COMCTL32.dll
00        0x4 C:\Wicrosoft.windows.common-controls_6595b64144ccf1df_6.0.6001.18000_none_5cdbaa5a083979cc\comctl32.dll
00        0x4 C:\Wicrosoft-windows-servicingstack_31bf3856ad364e35_6.0.6001.18000_none_095f6148c74a7a64\wcp.dll
00        0x4 C:\WINET.dll
00        0x4 C:\WLIB.dll
00        0x4 c:\wLPAPI.DLL
00        0x4 C:\Wmaliz.dll
00        0x4 C:\Wm\esscli.dll
00        0x4 C:\WMM.dll
00        0x4 C:\Wmon.dll
00        0x4 c:\wNTFY.dll
00        0x4 C:\WPI.dll
00        0x4 c:\wSION.dll
00        0x4 C:\Wsock.dll
00        0x4 c:\wsvc.dll
00        0x4 c:\wtapi.dll
00        0x4 C:\WTF.dll
00        0x4 c:\wtsvc.dll
00        0x4 c:\wuclnt.dll
00        0x4 C:\WWAPI.dll
00        0x4 C:\WYPT.dll
00        0x4 c:\xEAY32.dll
00      0x4d0 C:\W.dll
00       0x4f C:\WR32.dll
00       0x51 C:\WR32.dll
00       0x52 c:\w.dll
00       0x52 c:\wLPAPI.DLL
00       0x53 c:\wAPI32.dll
00       0x54 C:\W_32.dll
00       0x54 C:\WAP32.dll
00       0x55 C:\WPI.DLL
00       0x5a C:\W32.dll
00       0x5a C:\WR32.dll
00        0x5 C:\W_32.dll
00        0x5 C:\W32.dll
00        0x5 C:\Walspl.dll
00        0x5 C:\WAPI32.dll
00        0x5 C:\WAUT32.dll
00        0x5 c:\w.dll
00        0x5 C:\WHZ.dll
00        0x5 C:\Wicrosoft.windows.common-controls_6595b64144ccf1df_6.0.6001.18000_none_5cdbaa5a083979cc\comctl32.dll
00        0x5 C:\WLL32.dll
00        0x5 C:\WLPAPI.DLL
00        0x5 C:\Wmon.dll
00        0x5 c:\wpcsvc6.DLL
00        0x5 c:\wpcsvc.DLL
00        0x5 c:\wPI.dll
00        0x5 c:\wProv.DLL
00        0x5 C:\WSION.dll
00        0x5 C:\Wsock.dll
00        0x5 C:\WSTA.dll
00        0x5 c:\wtils.dll
00        0x5 C:\WWAPI.dll
00       0x5d C:\W_32.dll
00       0x5f C:\W32.dll
00       0x61 C:\WR32.dll
00       0x64 C:\W.dll
00        0x6 C:\W_32.dll
00        0x6 C:\W32.DLL
00        0x6 c:\wAPI.dll
00        0x6 C:\W.dll
00        0x6 c:\wHZ.dll
00        0x6 C:\WLPAPI.DLL
00        0x6 C:\WNG.dll
00        0x6 C:\Wpcsvc6.DLL
00        0x6 C:\Wpcsvc.DLL
00        0x6 C:\WPI.dll
00        0x6 C:\Wsd.dll
00        0x6 C:\Wsock.dll
00        0x6 C:\WWAPI.dll
00       0x70 C:\W.dll
00       0x7b c:\wNSI.DLL
00       0x7c c:\wAPI.dll
00        0x7 C:\W1_0.dll
00        0x7 C:\W_32.dll
00        0x7 C:\Wannel.dll
00        0x7 C:\Wapi.dll
00        0x7 c:\w.dll
00        0x7 c:\wHTTP.dll
00        0x7 C:\Wicrosoft.windows.common-controls_6595b64144ccf1df_6.0.6001.18000_none_5cdbaa5a083979cc\comctl32.dll
00        0x7 C:\WLite.dll
00        0x7 C:\WPI.DLL
00        0x7 C:\Wsock.dll
00        0x7 c:\wypt.dll
00       0x7d C:\W32.dll
00       0x81 C:\W32.dll
00       0x82 C:\W.dll
00       0x84 C:\W32.dll
00       0x85 C:\W_32.dll
00       0x89 C:\WAUT32.dll
00        0x8 C:\W32.DLL
00        0x8 C:\WApi32.dll
00        0x8 C:\WAUT32.dll
00        0x8 C:\Wgehlp.dll
00        0x8 C:\Wicrosoft.windows.common-controls_6595b64144ccf1df_6.0.6001.18000_none_5cdbaa5a083979cc\comctl32.dll
00        0x8 C:\Wm\FastProx.dll
00        0x8 C:\WPAPI.dll
00        0x8 C:\WPI.DLL
00        0x8 C:\WPT32.dll
00        0x8 C:\WR32.dll
00        0x8 C:\Wrame.dll
00        0x8 C:\WRENV.dll
00        0x8 C:\WRT4.dll
00        0x8 C:\WSAPI.dll
00        0x8 C:\WSION.dll
00        0x8 C:\WSN1.dll
00        0x8 C:\WTRUST.dll
00       0x8f C:\W32.dll
00       0x98 C:\W32.dll
00        0x9 C:\W32.dll
00        0x9 C:\WACC.dll
00        0x9 C:\WAUT32.dll
00        0x9 C:\W.DLL
00        0x9 C:\Wgehlp.dll
00        0x9 C:\Wheme.dll
00        0x9 C:\WIVEDS.dll
00        0x9 C:\Wldpc.dll
00        0x9 C:\WLL32.dll
00        0x9 c:\wNSI.DLL
00        0x9 c:\wPI.dll
00        0x9 C:\WPT32.dll
00        0x9 C:\WRENV.dll
00        0x9 C:\WSN1.dll
00        0x9 C:\WTF.dll
00        0x9 C:\Wur32.dll
00        0x9 c:\xEAY32.dll
00       0xa5 c:\wur32.dll
00       0xac C:\WR32.dll
00        0xa c:\wAPI32.dll
00        0xa C:\WAUT32.dll
00        0xa C:\W.DLL
00        0xa c:\wPT32.dll
00        0xa c:\wRENV.dll
00        0xa C:\WRT4.dll
00        0xa C:\WSN1.dll
00       0xb9 C:\WR32.dll
00        0xb C:\WACC.dll
00        0xb c:\wAPI32.dll
00        0xb C:\WAPI.dll
00        0xb C:\WI32.dll
00        0xb C:\WMM.dll
00        0xb C:\WPT32.dll
00        0xb c:\wRENV.dll
00        0xb c:\wSN1.dll
00        0xb C:\WTRUST.dll
00        0xb C:\WUPAPI.dll
00        0xb C:\Wur32.dll
00       0xc3 C:\W32.dll
00        0xc c:\wAPI.dll
00        0xc C:\Wdui.dll
00        0xc C:\Wicrosoft.windows.common-controls_6595b64144ccf1df_6.0.6001.18000_none_5cdbaa5a083979cc\comctl32.dll
00        0xc C:\WLIB.dll
00        0xc C:\WOLSS.DLL
00        0xc C:\Wptnet.dll
00        0xc C:\WRENV.dll
00        0xc C:\WsApi.dll
00        0xc C:\WSN1.dll
00        0xc C:\Wtutil.dll
00        0xc C:\Wur32.dll
00       0xd7 C:\WR32.dll
00        0xd c:\wAPI32.dll
00        0xd C:\Wman.dll
00        0xd C:\Wpcsvc6.DLL
00        0xd C:\Wpcsvc.DLL
00        0xd C:\WPI.DLL
00        0xd C:\WPT32.dll
00        0xd c:\wRENV.dll
00        0xd C:\WSN1.dll
00        0xd C:\WUPAPI.dll
00        0xd C:\WYPT.dll
00       0xdf C:\WR32.dll
00        0xe C:\W32.DLL
00        0xe C:\WAPI32.dll
00        0xe C:\WAPI.dll
00        0xe C:\Wicrosoft.windows.common-controls_6595b64144ccf1df_6.0.6001.18000_none_5cdbaa5a083979cc\comctl32.dll
00        0xe c:\wNSI.DLL
00        0xe C:\WPT32.dll
00        0xe c:\wur32.dll
00       0xf1 c:\wLPAPI.DLL
00       0xf1 c:\wpcsvc6.DLL
00       0xf3 c:\wpcsvc.DLL
00       0xf9 C:\W.dll
00       0xfb C:\W_32.dll
00        0xf C:\WAPI32.dll
00        0xf c:\w.dll
00        0xf C:\WNSI.DLL
00        0xf C:\WSN1.dll
00     0xffff C:\W
00     0xffff C:\W_32.dll
00     0xffff C:\W32.dll
00     0xffff C:\WACC.dll
00     0xffff C:\WAP32.dll
00     0xffff C:\WAPI32.dll
00     0xffff C:\Wapi.dll
00     0xffff C:\Waut32.dll
00     0xffff C:\WbjAPI.DLL
00     0xffff C:\WCK32.dll
00     0xffff C:\WCLU.DLL
00     0xffff C:\WCM32.dll
00     0xffff C:\Wcrt.dll
00     0xffff C:\Wdlg32.dll
00     0xffff C:\W.dll
00     0xffff C:\Wdui.dll
00     0xffff C:\WEHLP.dll
00     0xffff C:\Wer.dll
00     0xffff c:\wewallAPI.dll
00     0xffff C:\W.exe
00     0xffff C:\WFIL32.dll
00     0xffff C:\WFW32.dll
00     0xffff C:\WGA.dll
00     0xffff C:\WgAPI.dll
00     0xffff c:\whelp.dll
00     0xffff C:\Wheme.dll
00     0xffff C:\Whost.exe
00     0xffff C:\WHZ.dll
00     0xffff C:\Wicrosoft.windows.common-controls_6595b64144ccf1df_5.82.6001.18000_none_886786f450a74a05\COMCTL32.dll
00     0xffff C:\Wicrosoft.windows.common-controls_6595b64144ccf1df_6.0.6001.18000_none_5cdbaa5a083979cc\comctl32.dll
00     0xffff C:\Wicrosoft.windows.gdiplus_6595b64144ccf1df_1.0.6001.18000_none_9e752e5ac9c619f3\gdiplus.dll
00     0xffff C:\Winit.exe
00     0xffff C:\WIVEDS.dll
00     0xffff C:\Wkeng.exe
00     0xffff C:\Wldpc.dll
00     0xffff C:\WLIB.dll
00     0xffff C:\Wlient.dll
00     0xffff C:\WLite.dll
00     0xffff C:\Wll32.dll
00     0xffff C:\Wll.dll
00     0xffff C:\Wlogon.exe
00     0xffff C:\WLPAPI.DLL
00     0xffff C:\Wmg32.dll
00     0xffff C:\WMM.dll
00     0xffff C:\Wmon.dll
00     0xffff C:\Wnel32.dll
00     0xffff C:\WNSI.DLL
00     0xffff C:\WNTFY.dll
00     0xffff C:\WOCVW.dll
00     0xffff C:\Wolsv.exe
00     0xffff C:\Wpcsvc6.DLL
00     0xffff C:\Wpcsvc.DLL
00     0xffff C:\WPI.DLL
00     0xffff C:\WPSYS.dll
00     0xffff C:\WPT32.dll
00     0xffff C:\Wptdll.dll
00     0xffff C:\WR32.dll
00     0xffff C:\Wredir.dll
00     0xffff C:\WRENV.dll
00     0xffff C:\WRPROF.dll
00     0xffff C:\WRT4.dll
00     0xffff C:\WSAPI.dll
00     0xffff c:\wSION.dll
00     0xffff C:\WSN1.dll
00     0xffff C:\WSOCK.dll
00     0xffff C:\Wspool.drv
00     0xffff C:\WSRV.dll
00     0xffff c:\wss.dll
00     0xffff C:\Wss.exe
00     0xffff C:\WSTA.dll
00     0xffff C:\Wtapi.dll
00     0xffff C:\Wtc.exe
00     0xffff C:\WTCLOG.dll
00     0xffff C:\WTCPRX.dll
00     0xffff C:\WTCTM.dll
00     0xffff C:\WTF.dll
00     0xffff C:\Wtutil.dll
00     0xffff C:\Wuclt.exe
00     0xffff c:\wur32.dll
00     0xffff C:\WustedInstaller.exe
00     0xffff C:\WUTILS.dll
00     0xffff C:\Wvc.exe
00     0xffff C:\Wvices.exe
00     0xffff C:\Ww32.dll
00     0xffff C:\WWAPI.dll
00     0xffff C:\WWSEUI.dll
00     0xffff C:\WxService.exe
00     0xffff C:\WxTray.exe
00     0xffff C:\Wypt.dll
00     0xffff c:\xapr-1.dll
00     0xffff c:\xapriconv-1.dll
00     0xffff c:\xaprutil-1.dll
00     0xffff c:\xCR110.dll
00     0xffff c:\xe.dll
00     0xffff C:\xexe
00     0xffff c:\xhttpd.dll
00     0xffff c:\xilezillaserver.exe
00     0xffff c:\xld.exe
00     0xffff c:\xpd.exe
00     0xffff \Sysss.exe
00     0xffff \\Vbr\adefs.dll
00     0xffff \\Vbr\adencrypt.dll
00     0xffff \\Vbr\adfs_globals.dll
00     0xffff \\Vbr\ad_globals.dll
00     0xffff \\Vbr\ADIsoDLL.dll
00     0xffff \\Vbr\ad_log.dll
00     0xffff \\Vbr\adshattrdefs.dll
00     0xffff \\Vbr\boost_date_time-vc100-mt-1_49.dll
00     0xffff \\Vbr\boost_filesystem-vc100-mt-1_49.dll
00     0xffff \\Vbr\boost_regex-vc100-mt-1_49.dll
00     0xffff \\Vbr\boost_system-vc100-mt-1_49.dll
00     0xffff \\Vbr\boost_thread-vc100-mt-1_49.dll
00     0xffff \\Vbr\cximage.dll
00     0xffff \\Vbr\da7zip.dll
00     0xffff \\Vbr\FTK Imager.exe
00     0xffff \\Vbr\icudt44.dll
00     0xffff \\Vbr\icuuc44.dll
00     0xffff \\Vbr\LIBEAY32.dll
00     0xffff \\Vbr\LMS.dll
00     0xffff \\Vbr\mfc100u.dll
00     0xffff \\Vbr\MSVCP100.dll
00     0xffff \\Vbr\MSVCR100.dll
00     0xffff \\Vbr\ProfUIS293ad32.dll
