0x806020emRoot\system32\kdcom.dll
0x8060a0emRoot\system32\mcupdate_GenuineIntel.dll
0x8066a0emRoot\system32\PSHED.dll
0x8067b0emRoot\system32\BOOTVID.dll
0x806830emRoot\system32\CLFS.SYS
0x806c40emRoot\system32\CI.dll
0x807bc0emRoot\system32\DRIVERS\USBPORT.SYS
0x8161f0emRoot\system32\ntkrnlpa.exe
0x819d80emRoot\system32\hal.dll
0x820070emRoot\system32\DRIVERS\NDIS.SYS
0x821120emRoot\system32\DRIVERS\msrpc.sys
0x8213d0emRoot\system32\DRIVERS\NETIO.SYS
0x821770emRoot\system32\drivers\Wdf01000.sys
0x821f30emRoot\system32\drivers\WDFLDR.SYS
0x822010emRoot\system32\drivers\acpi.sys
0x822470emRoot\system32\drivers\WMILIB.SYS
0x822500emRoot\system32\drivers\msisadrv.sys
0x822580emRoot\system32\drivers\pci.sys
0x8227f0emRoot\System32\drivers\partmgr.sys
0x8228e0emRoot\system32\DRIVERS\compbatt.sys
0x822910emRoot\system32\DRIVERS\BATTC.SYS
0x8229b0emRoot\system32\drivers\volmgr.sys
0x822aa0emRoot\System32\drivers\volmgrx.sys
0x822f40emRoot\system32\drivers\intelide.sys
0x822fb0emRoot\system32\drivers\PCIIDEX.SYS
0x823090emRoot\System32\drivers\mountmgr.sys
0x823190emRoot\system32\drivers\atapi.sys
0x823210emRoot\system32\drivers\ataport.SYS
0x8233f0emRoot\system32\drivers\msahci.sys
0x823490emRoot\system32\drivers\fltmgr.sys
0x8237b0emRoot\system32\DRIVERS\VBoxGuest.sys
0x8239f0emRoot\system32\DRIVERS\VIDEOPRT.SYS
0x823c00emRoot\system32\DRIVERS\E1G60I32.sys
0x823dd0emRoot\system32\DRIVERS\HDAudBus.sys
0x823ef0emRoot\system32\DRIVERS\intelppm.sys
0x858060emRoot\System32\Drivers\ksecdd.sys
0x858770emRoot\System32\drivers\tcpip.sys
0x8595e0emRoot\System32\drivers\fwpkclnt.sys
0x859790emRoot\system32\drivers\storflt.sys
0x859810emRoot\system32\DRIVERS\VBoxMouse.sys
0x8599e0emRoot\system32\DRIVERS\parport.sys
0x859b60emRoot\system32\DRIVERS\cdrom.sys
0x859ce0emRoot\system32\DRIVERS\VBoxVideo.sys
0x859f20emRoot\system32\DRIVERS\usbohci.sys
0x859fc0emRoot\system32\DRIVERS\CmBatt.sys
0x85a020emRoot\System32\Drivers\Ntfs.sys
0x85b110emRoot\system32\drivers\volsnap.sys
0x85b4a0emRoot\System32\Drivers\spldr.sys
0x85b520emRoot\System32\Drivers\mup.sys
0x85b610emRoot\system32\drivers\disk.sys
0x85b720emRoot\system32\drivers\CLASSPNP.SYS
0x85b930emRoot\system32\drivers\crcdisk.sys
0x85bc90emRoot\system32\DRIVERS\i8042prt.sys
0x85bdc0emRoot\system32\DRIVERS\kbdclass.sys
0x85be70emRoot\system32\DRIVERS\mouclass.sys
0x85bf20emRoot\system32\DRIVERS\watchdog.sys
0x898080emRoot\system32\DRIVERS\msiscsi.sys
0x898360emRoot\system32\DRIVERS\storport.sys
0x898770emRoot\system32\DRIVERS\TDI.SYS
0x898820emRoot\system32\DRIVERS\rasl2tp.sys
0x898990emRoot\system32\DRIVERS\ndistapi.sys
0x898a40emRoot\system32\DRIVERS\ndiswan.sys
0x898c70emRoot\system32\DRIVERS\raspppoe.sys
0x898d60emRoot\system32\DRIVERS\raspptp.sys
0x898ea0emRoot\system32\DRIVERS\rassstp.sys
0x898ff0emRoot\system32\DRIVERS\rdpdr.sys
0x899880emRoot\system32\DRIVERS\termdd.sys
0x899980emRoot\system32\DRIVERS\swenum.sys
0x8999a0emRoot\system32\DRIVERS\ks.sys
0x899c40emRoot\system32\DRIVERS\mssmbios.sys
0x899ce0emRoot\system32\DRIVERS\umbus.sys
0x89a010emRoot\system32\DRIVERS\usbhub.sys
0x89a350emRoot\System32\Drivers\NDProxy.SYS
0x89a460emRoot\system32\drivers\HdAudio.sys
0x89a850emRoot\system32\drivers\portcls.sys
0x89ab20emRoot\system32\drivers\drmk.sys
0x89ad70emRoot\System32\Drivers\Fs_Rec.SYS
0x89ae00emRoot\System32\Drivers\Null.SYS
0x89ae70emRoot\System32\Drivers\Beep.SYS
0x89aee0emRoot\System32\drivers\vga.sys
0x89afa0emRoot\System32\DRIVERS\RDPCDD.sys
0x89b020emRoot\system32\drivers\rdpencdd.sys
0x89b0a0emRoot\System32\Drivers\Msfs.SYS
0x89b150emRoot\System32\Drivers\Npfs.SYS
0x89b230emRoot\System32\DRIVERS\rasacd.sys
0x89b2c0emRoot\system32\DRIVERS\tdx.sys
0x89b420emRoot\system32\DRIVERS\smb.sys
0x89b560emRoot\system32\drivers\afd.sys
0x89b9e0emRoot\System32\DRIVERS\netbt.sys
0x89bd00emRoot\system32\DRIVERS\pacer.sys
0x89be60emRoot\system32\DRIVERS\netbios.sys
0x89c0b0emRoot\system32\drivers\VBoxSF.sys
0x89c4d0emRoot\system32\DRIVERS\wanarp.sys
0x89c600emRoot\system32\DRIVERS\rdbss.sys
0x89c9c0emRoot\system32\drivers\nsiproxy.sys
0x89ca60emRoot\System32\Drivers\dfsc.sys
0x89cd60emRoot\system32\DRIVERS\HIDPARSE.SYS
0x89ce70emRoot\System32\Drivers\crashdmp.sys
0x89cf40emRoot\System32\Drivers\dump_dumpata.sys
0x89cff0emRoot\System32\Drivers\dump_msahci.sys
0x89d090emRoot\System32\drivers\Dxapi.sys
0x89d130emRoot\system32\drivers\luafv.sys
0x89d2e0emRoot\system32\DRIVERS\lltdio.sys
0x89d3e0emRoot\system32\DRIVERS\rspndr.sys
0x89d510emRoot\system32\DRIVERS\bowser.sys
0x89d6a0emRoot\System32\drivers\mpsdrv.sys
0x89d7f0emRoot\system32\DRIVERS\mrxsmb.sys
0x89d9e0emRoot\system32\DRIVERS\mrxsmb10.sys
0x89dd70emRoot\system32\DRIVERS\mrxsmb20.sys
0x8d8000emRoot\System32\VBoxDisp.dll
0x8d8a00emRoot\System32\win32k.sys
0x8dab00emRoot\System32\drivers\dxg.sys
0x8dae00emRoot\System32\TSDDD.dll
0x9020b0emRoot\system32\drivers\spsys.sys
0x902ba0emRoot\system32\drivers\HTTP.sys
0x903250emRoot\system32\DRIVERS\parvdm.sys
0x906000emRoot\system32\DRIVERS\mouhid.sys
0x906080emRoot\system32\drivers\peauth.sys
0x906e60emRoot\System32\Drivers\secdrv.SYS
0x906f00emRoot\System32\DRIVERS\srvnet.sys
0x9070d0emRoot\System32\drivers\tcpipreg.sys
0x907190emRoot\System32\DRIVERS\srv2.sys
0x907400emRoot\System32\DRIVERS\srv.sys
0x9078c0emRoot\system32\DRIVERS\monitor.sys
0x9079b0emRoot\system32\DRIVERS\cdfs.sys
0x907b10:\Users\ADMINI~1\AppData\Local\Temp\ad_driver.sys
0x907d40emRoot\system32\DRIVERS\tunnel.sys
0x907df0emRoot\system32\DRIVERS\hidusb.sys
0x907e80emRoot\system32\DRIVERS\HIDCLASS.SYS
0x907f80emRoot\system32\DRIVERS\USBD.SYS
